// Jest Snapshot v1, https://goo.gl/fbAQLP

exports[`Feature renders the Feature with populated data 1`] = `
<div
  class="form__Container-sc-1jfxee4-0 llzDdt"
>
  <h1
    class="form__Title-sc-1jfxee4-3 ctOVSL"
  >
    Sign In Now
  </h1>
  <form
    class="form__Base-sc-1jfxee4-2 bFvRxs"
  >
    <input
      class="form__Input-sc-1jfxee4-7 iroCfy"
      placeholder="Email address"
    />
    <input
      class="form__Input-sc-1jfxee4-7 iroCfy"
      placeholder="Password"
      type="password"
    />
    <button
      class="form__Submit-sc-1jfxee4-8 kJmNGK"
      disabled=""
      type="submit"
    >
      Sign In
    </button>
  </form>
  <p
    class="form__Text-sc-1jfxee4-4 gSzvgS"
  >
    New to Netflix? Sign up now.
  </p>
  <p
    class="form__TextSmall-sc-1jfxee4-5 bhLOOK"
  >
    This page is protected by Google reCaptcha to ensure you are not a bot. Learn more.
  </p>
</div>
`;

exports[`Feature renders the Form with an error 1`] = `
<div
  class="form__Container-sc-1jfxee4-0 llzDdt"
>
  <div
    class="form__Error-sc-1jfxee4-1 eITLaO"
  >
    Your email address is already being used
  </div>
  <button
    class="form__Submit-sc-1jfxee4-8 kJmNGK"
    type="submit"
  >
    Sign In
  </button>
</div>
`;
